2026-09-29 14:05:17 Loaded main app package /usr/lib/obsidian/obsidian.asar
2026-09-29 14:05:20 Checking for update using Github
2026-09-29 14:05:35 Success.
2026-09-29 14:05:35 Latest version is 1.13.7
2026-09-29 14:05:35 App is up to date.
2026-10-02 17:10:58 Loaded main app package /usr/lib/obsidian/obsidian.asar
2026-10-02 17:11:01 Checking for update using Github
2026-10-02 17:11:04 Success.
2026-10-02 17:11:04 Latest version is 1.13.7
2026-10-02 17:11:04 App is up to date.
2026-10-02 17:12:49 Loaded main app package /usr/lib/obsidian/obsidian.asar
2026-10-02 17:12:50 Checking for update using Github
2026-10-02 17:12:50 Success.
2026-10-02 17:12:50 Latest version is 1.13.7
2026-10-02 17:12:50 App is up to date.
2026-10-02 17:42:05 Loaded main app package /usr/lib/obsidian/obsidian.asar
2026-10-02 17:42:06 Checking for update using Github
2026-10-02 17:42:08 Success.
2026-10-02 17:42:08 Latest version is 1.13.7
2026-10-02 17:42:08 App is up to date.
2026-10-07 04:38:39 Loaded main app package /usr/lib/obsidian/obsidian.asar
2026-10-07 04:38:43 Checking for update using Github
2026-10-07 04:38:46 Success.
2026-10-07 04:38:46 Latest version is 1.14.4
2026-10-07 04:38:46 Downloading update from https://github.com/obsidianmd/obsidian-releases/releases/download/v1.14.4/obsidian-1.14.4.asar.gz
2026-10-07 04:39:20 Verifying hash & signature. Size= 9200670
2026-10-07 04:39:21 Saving file
2026-10-07 04:39:21 Update complete.
